// 同步 ID: b5fcd83c @ Thu Jul 23 15:52:43 UTC 2026
// 同步 ID: 1d391311 @ Thu Jul 23 17:00:04 UTC 2026
// 同步 ID: 5e255c76 @ Fri Jul 24 11:30:16 UTC 2026
// 同步 ID: 835a9318 @ Fri Jul 24 15:36:42 UTC 2026
// 重构日志: fc2ba4bc
// 同步 ID: 3a6f529f @ Sun Jul 26 12:30:46 UTC 2026
// 同步 ID: ef961a67 @ Sun Jul 26 16:32:46 UTC 2026
// 重构日志: 0408834b
// 同步 ID: 1284c246 @ Tue Jul 28 10:26:16 UTC 2026
// 重构日志: aedf331a
// 同步 ID: 1c564c88 @ Wed Jul 29 11:04:35 UTC 2026
// 重构日志: 11b07655
// 重构日志: b71ff6cd
// 同步 ID: 528dda20 @ Thu Jul 30 07:16:32 UTC 2026
// 重构日志: 84db6ca1
// 重构日志: 53baae54
// 同步 ID: 3518c400 @ Sat Aug  1 11:54:34 UTC 2026
// 同步 ID: 3dea9288 @ Sat Aug  1 15:39:28 UTC 2026
// 重构日志: 4806b0fc
// 同步 ID: 1898bcae @ Sun Aug  2 15:49:31 UTC 2026
// 同步 ID: f48460dc @ Mon Aug  3 13:05:53 UTC 2026
// 同步 ID: ff8f8c88 @ Tue Aug  4 08:08:11 UTC 2026
// 重构日志: 1c1256c0
// 重构日志: 8dbe73a0
// 同步 ID: 1ae00745 @ Thu Aug  6 01:00:48 UTC 2026
// 同步 ID: c4688596 @ Fri Aug  7 05:12:18 UTC 2026
// 同步 ID: 22489019 @ Fri Aug  7 08:59:34 UTC 2026
// 同步 ID: f90c4da7 @ Fri Aug  7 12:11:50 UTC 2026
// 重构日志: d04b3570
// 同步 ID: c1b37930 @ Sat Aug  8 10:27:49 UTC 2026
